// Jest Snapshot v1, https://goo.gl/fbAQLP

exports[`AuthServiceStack should match snapshot test 1`] = `
{
  Outputs: {
    MyTestStackapiendpointMyTestStackapiendpointrestapiEndpointFAADCB08: {
      Value: {
        Fn::Join: [
          ,
          [
            https://,
            {
              Ref: MyTestStackapiendpointMyTestStackapiendpointrestapi9524CD35,
            },
            .execute-api.,
            {
              Ref: AWS::Region,
            },
            .,
            {
              Ref: AWS::URLSuffix,
            },
            /,
            {
              Ref: MyTestStackapiendpointMyTestStackapiendpointrestapiDeploymentStageprodC1386A55,
            },
            /,
          ],
        ],
      },
    },
    USERPOOLCLIENTID: {
      Value: {
        Ref: MyTestStackusercognitopoolCognitoPoolAuthenticationClientBBBB2A0C,
      },
    },
    USERPOOLID: {
      Value: {
        Ref: MyTestStackusercognitopoolCognitoPool8A729BFB,
      },
    },
    healthcheckendpoint: {
      Value: {
        Fn::Join: [
          ,
          [
            https://,
            {
              Ref: MyTestStackapiendpointMyTestStackapiendpointcustomdomain02611C53,
            },
            /health,
          ],
        ],
      },
    },
  },
  Parameters: {
    BootstrapVersion: {
      Default: /cdk-bootstrap/hnb659fds/version,
      Description: Version of the CDK Bootstrap resources in this environment, automatically retrieved from SSM Parameter Store. [cdk:skip],
      Type: AWS::SSM::Parameter::Value<String>,
    },
    MyTestStackapiendpointMyTestStackapiendpointhostedzoneidParameterA2808C2D: {
      Default: my-domains-hosted-zone-id,
      Type: AWS::SSM::Parameter::Value<String>,
    },
    MyTestStackapiendpointMyTestStackapiendpointorgformationcertswildcardcert1arnParameter2E2B88D5: {
      Default: orgformation-certs-wildcard-cert1-arn,
      Type: AWS::SSM::Parameter::Value<String>,
    },
    MyTestStackapiendpointMyTestStackapiendpointssmdomainnameParameter7CDF0FAA: {
      Default: DOMAIN_NAME,
      Type: AWS::SSM::Parameter::Value<String>,
    },
    lambdalayernestjslatestversionssmParameter: {
      Default: LAMBDA_LAYER_VERSION_NESTJS,
      Type: AWS::SSM::Parameter::Value<String>,
    },
    mongodatabasepasswordssmParameter: {
      Default: MONGO_DATABASE_PASSWORD,
      Type: AWS::SSM::Parameter::Value<String>,
    },
    mongodatabaseurissmParameter: {
      Default: MONGO_DATABASE_URI,
      Type: AWS::SSM::Parameter::Value<String>,
    },
    mongodatabaseuserssmParameter: {
      Default: MONGO_DATABASE_USER,
      Type: AWS::SSM::Parameter::Value<String>,
    },
  },
  Resources: {
    LogRetentionaae0aa3c5b4d4f87b02d85b201efdd8aFD4BFC8A: {
      DependsOn: [
        LogRetentionaae0aa3c5b4d4f87b02d85b201efdd8aServiceRoleDefaultPolicyADDA7DEB,
        LogRetentionaae0aa3c5b4d4f87b02d85b201efdd8aServiceRole9741ECFB,
      ],
      Properties: {
        Code: {
          S3Bucket: {
            Fn::Sub: cdk-hnb659fds-assets-\${AWS::AccountId}-\${AWS::Region},
          },
          S3Key: UNIQUE_HASH.zip,
        },
        Handler: index.handler,
        Role: {
          Fn::GetAtt: [
            LogRetentionaae0aa3c5b4d4f87b02d85b201efdd8aServiceRole9741ECFB,
            Arn,
          ],
        },
        Runtime: nodejs18.x,
        Timeout: 900,
      },
      Type: AWS::Lambda::Function,
    },
    LogRetentionaae0aa3c5b4d4f87b02d85b201efdd8aServiceRole9741ECFB: {
      Properties: {
        AssumeRolePolicyDocument: {
          Statement: [
            {
              Action: sts:AssumeRole,
              Effect: Allow,
              Principal: {
                Service: lambda.amazonaws.com,
              },
            },
          ],
          Version: 2012-10-17,
        },
        ManagedPolicyArns: [
          {
            Fn::Join: [
              ,
              [
                arn:,
                {
                  Ref: AWS::Partition,
                },
                :iam::aws:policy/service-role/AWSLambdaBasicExecutionRole,
              ],
            ],
          },
        ],
      },
      Type: AWS::IAM::Role,
    },
    LogRetentionaae0aa3c5b4d4f87b02d85b201efdd8aServiceRoleDefaultPolicyADDA7DEB: {
      Properties: {
        PolicyDocument: {
          Statement: [
            {
              Action: [
                logs:PutRetentionPolicy,
                logs:DeleteRetentionPolicy,
              ],
              Effect: Allow,
              Resource: *,
            },
          ],
          Version: 2012-10-17,
        },
        PolicyName: LogRetentionaae0aa3c5b4d4f87b02d85b201efdd8aServiceRoleDefaultPolicyADDA7DEB,
        Roles: [
          {
            Ref: LogRetentionaae0aa3c5b4d4f87b02d85b201efdd8aServiceRole9741ECFB,
          },
        ],
      },
      Type: AWS::IAM::Policy,
    },
    MyTestStackapiendpointMyTestStackapiendpointapigatewayaliasrecord2742C3A3: {
      Properties: {
        AliasTarget: {
          DNSName: {
            Fn::GetAtt: [
              MyTestStackapiendpointMyTestStackapiendpointcustomdomain02611C53,
              RegionalDomainName,
            ],
          },
          HostedZoneId: {
            Fn::GetAtt: [
              MyTestStackapiendpointMyTestStackapiendpointcustomdomain02611C53,
              RegionalHostedZoneId,
            ],
          },
        },
        HostedZoneId: {
          Ref: MyTestStackapiendpointMyTestStackapiendpointhostedzoneidParameterA2808C2D,
        },
        Name: {
          Fn::Join: [
            ,
            [
              user.,
              {
                Ref: MyTestStackapiendpointMyTestStackapiendpointssmdomainnameParameter7CDF0FAA,
              },
              .,
            ],
          ],
        },
        Type: A,
      },
      Type: AWS::Route53::RecordSet,
    },
    MyTestStackapiendpointMyTestStackapiendpointapistage0356EFC3: {
      DependsOn: [
        MyTestStackapiendpointMyTestStackapiendpointrestapiAccountCD108E51,
      ],
      Properties: {
        DeploymentId: {
          Ref: MyTestStackapiendpointMyTestStackapiendpointdeployment_UNIQUE_HASH,
        },
        RestApiId: {
          Ref: MyTestStackapiendpointMyTestStackapiendpointrestapi9524CD35,
        },
        StageName: default,
      },
      Type: AWS::ApiGateway::Stage,
    },
    MyTestStackapiendpointMyTestStackapiendpointcustomdomain02611C53: {
      Properties: {
        DomainName: {
          Fn::Join: [
            ,
            [
              user.,
              {
                Ref: MyTestStackapiendpointMyTestStackapiendpointssmdomainnameParameter7CDF0FAA,
              },
            ],
          ],
        },
        EndpointConfiguration: {
          Types: [
            REGIONAL,
          ],
        },
        RegionalCertificateArn: {
          Ref: MyTestStackapiendpointMyTestStackapiendpointorgformationcertswildcardcert1arnParameter2E2B88D5,
        },
        SecurityPolicy: TLS_1_2,
      },
      Type: AWS::ApiGateway::DomainName,
    },
    MyTestStackapiendpointMyTestStackapiendpointcustomdomainMapMyTestStackMyTestStackapiendpointMyTestStackapiendpointrestapiEFEE3D612F9D1189: {
      Properties: {
        DomainName: {
          Ref: MyTestStackapiendpointMyTestStackapiendpointcustomdomain02611C53,
        },
        RestApiId: {
          Ref: MyTestStackapiendpointMyTestStackapiendpointrestapi9524CD35,
        },
        Stage: {
          Ref: MyTestStackapiendpointMyTestStackapiendpointrestapiDeploymentStageprodC1386A55,
        },
      },
      Type: AWS::ApiGateway::BasePathMapping,
    },
    MyTestStackapiendpointMyTestStackapiendpointdeployment_UNIQUE_HASH: {
      DependsOn: [
        MyTestStackapiendpointMyTestStackapiendpointrestapiproxyANY26E2BF11,
        MyTestStackapiendpointMyTestStackapiendpointrestapiANY9ADB99C9,
      ],
      Properties: {
        RestApiId: {
          Ref: MyTestStackapiendpointMyTestStackapiendpointrestapi9524CD35,
        },
      },
      Type: AWS::ApiGateway::Deployment,
    },
    MyTestStackapiendpointMyTestStackapiendpointrestapi9524CD35: {
      Properties: {
        Description: user Service API Gateway,
        Name: user RestAPI,
      },
      Type: AWS::ApiGateway::RestApi,
    },
    MyTestStackapiendpointMyTestStackapiendpointrestapiANY9ADB99C9: {
      Properties: {
        AuthorizationType: NONE,
        HttpMethod: ANY,
        Integration: {
          IntegrationHttpMethod: POST,
          Type: AWS_PROXY,
          Uri: {
            Fn::Join: [
              ,
              [
                arn:,
                {
                  Ref: AWS::Partition,
                },
                :apigateway:,
                {
                  Ref: AWS::Region,
                },
                :lambda:path/2015-03-31/functions/,
                {
                  Fn::GetAtt: [
                    userservicestacknestjsNodeJsLambda13B2A918,
                    Arn,
                  ],
                },
                /invocations,
              ],
            ],
          },
        },
        ResourceId: {
          Fn::GetAtt: [
            MyTestStackapiendpointMyTestStackapiendpointrestapi9524CD35,
            RootResourceId,
          ],
        },
        RestApiId: {
          Ref: MyTestStackapiendpointMyTestStackapiendpointrestapi9524CD35,
        },
      },
      Type: AWS::ApiGateway::Method,
    },
    MyTestStackapiendpointMyTestStackapiendpointrestapiANYApiPermissionMyTestStackMyTestStackapiendpointMyTestStackapiendpointrestapiEFEE3D61ANYEDA96B0C: {
      Properties: {
        Action: lambda:InvokeFunction,
        FunctionName: {
          Fn::GetAtt: [
            userservicestacknestjsNodeJsLambda13B2A918,
            Arn,
          ],
        },
        Principal: apigateway.amazonaws.com,
        SourceArn: {
          Fn::Join: [
            ,
            [
              arn:,
              {
                Ref: AWS::Partition,
              },
              :execute-api:,
              {
                Ref: AWS::Region,
              },
              :,
              {
                Ref: AWS::AccountId,
              },
              :,
              {
                Ref: MyTestStackapiendpointMyTestStackapiendpointrestapi9524CD35,
              },
              /,
              {
                Ref: MyTestStackapiendpointMyTestStackapiendpointrestapiDeploymentStageprodC1386A55,
              },
              /*/,
            ],
          ],
        },
      },
      Type: AWS::Lambda::Permission,
    },
    MyTestStackapiendpointMyTestStackapiendpointrestapiANYApiPermissionTestMyTestStackMyTestStackapiendpointMyTestStackapiendpointrestapiEFEE3D61ANY17823219: {
      Properties: {
        Action: lambda:InvokeFunction,
        FunctionName: {
          Fn::GetAtt: [
            userservicestacknestjsNodeJsLambda13B2A918,
            Arn,
          ],
        },
        Principal: apigateway.amazonaws.com,
        SourceArn: {
          Fn::Join: [
            ,
            [
              arn:,
              {
                Ref: AWS::Partition,
              },
              :execute-api:,
              {
                Ref: AWS::Region,
              },
              :,
              {
                Ref: AWS::AccountId,
              },
              :,
              {
                Ref: MyTestStackapiendpointMyTestStackapiendpointrestapi9524CD35,
              },
              /test-invoke-stage/*/,
            ],
          ],
        },
      },
      Type: AWS::Lambda::Permission,
    },
    MyTestStackapiendpointMyTestStackapiendpointrestapiAccountCD108E51: {
      DeletionPolicy: Retain,
      DependsOn: [
        MyTestStackapiendpointMyTestStackapiendpointrestapi9524CD35,
      ],
      Properties: {
        CloudWatchRoleArn: {
          Fn::GetAtt: [
            MyTestStackapiendpointMyTestStackapiendpointrestapiCloudWatchRole01D91636,
            Arn,
          ],
        },
      },
      Type: AWS::ApiGateway::Account,
      UpdateReplacePolicy: Retain,
    },
    MyTestStackapiendpointMyTestStackapiendpointrestapiCloudWatchRole01D91636: {
      DeletionPolicy: Retain,
      Properties: {
        AssumeRolePolicyDocument: {
          Statement: [
            {
              Action: sts:AssumeRole,
              Effect: Allow,
              Principal: {
                Service: apigateway.amazonaws.com,
              },
            },
          ],
          Version: 2012-10-17,
        },
        ManagedPolicyArns: [
          {
            Fn::Join: [
              ,
              [
                arn:,
                {
                  Ref: AWS::Partition,
                },
                :iam::aws:policy/service-role/AmazonAPIGatewayPushToCloudWatchLogs,
              ],
            ],
          },
        ],
      },
      Type: AWS::IAM::Role,
      UpdateReplacePolicy: Retain,
    },
    MyTestStackapiendpointMyTestStackapiendpointrestapiDeploymentAD663FBDe90f25a847143f3df42f873e2e4640eb: {
      DependsOn: [
        MyTestStackapiendpointMyTestStackapiendpointrestapiproxyANY26E2BF11,
        MyTestStackapiendpointMyTestStackapiendpointrestapiproxyF101F298,
        MyTestStackapiendpointMyTestStackapiendpointrestapiANY9ADB99C9,
      ],
      Properties: {
        Description: user Service API Gateway,
        RestApiId: {
          Ref: MyTestStackapiendpointMyTestStackapiendpointrestapi9524CD35,
        },
      },
      Type: AWS::ApiGateway::Deployment,
    },
    MyTestStackapiendpointMyTestStackapiendpointrestapiDeploymentStageprodC1386A55: {
      DependsOn: [
        MyTestStackapiendpointMyTestStackapiendpointrestapiAccountCD108E51,
      ],
      Properties: {
        DeploymentId: {
          Ref: MyTestStackapiendpointMyTestStackapiendpointrestapiDeploymentAD663FBDe90f25a847143f3df42f873e2e4640eb,
        },
        MethodSettings: [
          {
            DataTraceEnabled: false,
            HttpMethod: *,
            ResourcePath: /*,
            ThrottlingBurstLimit: 10,
            ThrottlingRateLimit: 10,
          },
        ],
        RestApiId: {
          Ref: MyTestStackapiendpointMyTestStackapiendpointrestapi9524CD35,
        },
        StageName: prod,
      },
      Type: AWS::ApiGateway::Stage,
    },
    MyTestStackapiendpointMyTestStackapiendpointrestapiproxyANY26E2BF11: {
      Properties: {
        AuthorizationType: NONE,
        HttpMethod: ANY,
        Integration: {
          IntegrationHttpMethod: POST,
          Type: AWS_PROXY,
          Uri: {
            Fn::Join: [
              ,
              [
                arn:,
                {
                  Ref: AWS::Partition,
                },
                :apigateway:,
                {
                  Ref: AWS::Region,
                },
                :lambda:path/2015-03-31/functions/,
                {
                  Fn::GetAtt: [
                    userservicestacknestjsNodeJsLambda13B2A918,
                    Arn,
                  ],
                },
                /invocations,
              ],
            ],
          },
        },
        ResourceId: {
          Ref: MyTestStackapiendpointMyTestStackapiendpointrestapiproxyF101F298,
        },
        RestApiId: {
          Ref: MyTestStackapiendpointMyTestStackapiendpointrestapi9524CD35,
        },
      },
      Type: AWS::ApiGateway::Method,
    },
    MyTestStackapiendpointMyTestStackapiendpointrestapiproxyANYApiPermissionMyTestStackMyTestStackapiendpointMyTestStackapiendpointrestapiEFEE3D61ANYproxyA92EC9DE: {
      Properties: {
        Action: lambda:InvokeFunction,
        FunctionName: {
          Fn::GetAtt: [
            userservicestacknestjsNodeJsLambda13B2A918,
            Arn,
          ],
        },
        Principal: apigateway.amazonaws.com,
        SourceArn: {
          Fn::Join: [
            ,
            [
              arn:,
              {
                Ref: AWS::Partition,
              },
              :execute-api:,
              {
                Ref: AWS::Region,
              },
              :,
              {
                Ref: AWS::AccountId,
              },
              :,
              {
                Ref: MyTestStackapiendpointMyTestStackapiendpointrestapi9524CD35,
              },
              /,
              {
                Ref: MyTestStackapiendpointMyTestStackapiendpointrestapiDeploymentStageprodC1386A55,
              },
              /*/*,
            ],
          ],
        },
      },
      Type: AWS::Lambda::Permission,
    },
    MyTestStackapiendpointMyTestStackapiendpointrestapiproxyANYApiPermissionTestMyTestStackMyTestStackapiendpointMyTestStackapiendpointrestapiEFEE3D61ANYproxyA0FDB9CA: {
      Properties: {
        Action: lambda:InvokeFunction,
        FunctionName: {
          Fn::GetAtt: [
            userservicestacknestjsNodeJsLambda13B2A918,
            Arn,
          ],
        },
        Principal: apigateway.amazonaws.com,
        SourceArn: {
          Fn::Join: [
            ,
            [
              arn:,
              {
                Ref: AWS::Partition,
              },
              :execute-api:,
              {
                Ref: AWS::Region,
              },
              :,
              {
                Ref: AWS::AccountId,
              },
              :,
              {
                Ref: MyTestStackapiendpointMyTestStackapiendpointrestapi9524CD35,
              },
              /test-invoke-stage/*/*,
            ],
          ],
        },
      },
      Type: AWS::Lambda::Permission,
    },
    MyTestStackapiendpointMyTestStackapiendpointrestapiproxyF101F298: {
      Properties: {
        ParentId: {
          Fn::GetAtt: [
            MyTestStackapiendpointMyTestStackapiendpointrestapi9524CD35,
            RootResourceId,
          ],
        },
        PathPart: {proxy+},
        RestApiId: {
          Ref: MyTestStackapiendpointMyTestStackapiendpointrestapi9524CD35,
        },
      },
      Type: AWS::ApiGateway::Resource,
    },
    MyTestStackapiendpointMyTestStackapiendpointusersvcdomainname2C8902B4: {
      Properties: {
        Description: user service domain name,
        Name: USER_SVC_DOMAIN_NAME,
        Type: String,
        Value: {
          Ref: MyTestStackapiendpointMyTestStackapiendpointcustomdomain02611C53,
        },
      },
      Type: AWS::SSM::Parameter,
    },
    MyTestStackusercognitopoolCognitoPool8A729BFB: {
      DeletionPolicy: Delete,
      Properties: {
        AccountRecoverySetting: {
          RecoveryMechanisms: [
            {
              Name: verified_email,
              Priority: 1,
            },
            {
              Name: verified_phone_number,
              Priority: 2,
            },
          ],
        },
        AdminCreateUserConfig: {
          AllowAdminCreateUserOnly: false,
        },
        AutoVerifiedAttributes: [
          email,
        ],
        DeletionProtection: INACTIVE,
        EmailVerificationMessage: Hello, Thanks for registering! Verification code is {####}.,
        EmailVerificationSubject: NekosGate User Verification,
        Policies: {
          PasswordPolicy: {
            MinimumLength: 8,
            RequireLowercase: true,
            RequireNumbers: true,
            RequireSymbols: true,
          },
        },
        Schema: [
          {
            Mutable: true,
            Name: email,
            Required: true,
          },
          {
            AttributeDataType: String,
            Mutable: true,
            Name: company,
          },
        ],
        SmsVerificationMessage: The verification code to your new account is {####},
        UserPoolName: default-CognitoPool,
        UsernameAttributes: [
          email,
        ],
        UsernameConfiguration: {
          CaseSensitive: false,
        },
        VerificationMessageTemplate: {
          DefaultEmailOption: CONFIRM_WITH_CODE,
          EmailMessage: Hello, Thanks for registering! Verification code is {####}.,
          EmailSubject: NekosGate User Verification,
          SmsMessage: The verification code to your new account is {####},
        },
      },
      Type: AWS::Cognito::UserPool,
      UpdateReplacePolicy: Delete,
    },
    MyTestStackusercognitopoolCognitoPoolAuthenticationClientBBBB2A0C: {
      Properties: {
        AccessTokenValidity: 30,
        AllowedOAuthFlows: [
          code,
        ],
        AllowedOAuthFlowsUserPoolClient: true,
        AllowedOAuthScopes: [
          openid,
        ],
        CallbackURLs: [
          https://catscradle.com/home,
        ],
        ClientName: AuthenticationClient,
        ExplicitAuthFlows: [
          ALLOW_USER_PASSWORD_AUTH,
          ALLOW_REFRESH_TOKEN_AUTH,
        ],
        IdTokenValidity: 30,
        RefreshTokenValidity: 60,
        SupportedIdentityProviders: [
          COGNITO,
        ],
        TokenValidityUnits: {
          AccessToken: minutes,
          IdToken: minutes,
          RefreshToken: minutes,
        },
        UserPoolId: {
          Ref: MyTestStackusercognitopoolCognitoPool8A729BFB,
        },
      },
      Type: AWS::Cognito::UserPoolClient,
    },
    MyTestStackuserpoolclientid34905EED: {
      Properties: {
        Description: A unique identifier for a specific client application that interacts with your Amazon Cognito User Pool.,
        Name: USER_POOL_CLIENT_ID,
        Type: String,
        Value: {
          Ref: MyTestStackusercognitopoolCognitoPoolAuthenticationClientBBBB2A0C,
        },
      },
      Type: AWS::SSM::Parameter,
    },
    MyTestStackuserpoolidEB6986BD: {
      Properties: {
        Description: A unique identifier for an Amazon Cognito User Pool.,
        Name: USER_POOL_ID,
        Type: String,
        Value: {
          Ref: MyTestStackusercognitopoolCognitoPool8A729BFB,
        },
      },
      Type: AWS::SSM::Parameter,
    },
    userservicestacknestjsNodeJsLambda13B2A918: {
      DependsOn: [
        userservicestacknestjsNodeJsLambdaServiceRoleDefaultPolicyCC145D01,
        userservicestacknestjsNodeJsLambdaServiceRoleF3A12BEB,
      ],
      Properties: {
        Code: {
          S3Bucket: {
            Fn::Sub: cdk-hnb659fds-assets-\${AWS::AccountId}-\${AWS::Region},
          },
          S3Key: UNIQUE_HASH.zip,
        },
        Environment: {
          Variables: {
            AWS_ACCOUNT_ID: {
              Ref: AWS::AccountId,
            },
            MONGO_DATABASE_PASSWORD: {
              Ref: mongodatabasepasswordssmParameter,
            },
            MONGO_DATABASE_URI: {
              Ref: mongodatabaseurissmParameter,
            },
            MONGO_DATABASE_USER: {
              Ref: mongodatabaseuserssmParameter,
            },
            STAGE_NAME: default,
            USER_POOL_CLIENT_ID: {
              Ref: MyTestStackusercognitopoolCognitoPoolAuthenticationClientBBBB2A0C,
            },
            USER_POOL_ID: {
              Ref: MyTestStackusercognitopoolCognitoPool8A729BFB,
            },
          },
        },
        Handler: index.handler,
        Layers: [
          {
            Ref: lambdalayernestjslatestversionssmParameter,
          },
        ],
        MemorySize: 1024,
        Role: {
          Fn::GetAtt: [
            userservicestacknestjsNodeJsLambdaServiceRoleF3A12BEB,
            Arn,
          ],
        },
        Runtime: nodejs18.x,
        Timeout: 30,
      },
      Type: AWS::Lambda::Function,
    },
    userservicestacknestjsNodeJsLambdaLogRetentionE0424A97: {
      Properties: {
        LogGroupName: {
          Fn::Join: [
            ,
            [
              /aws/lambda/,
              {
                Ref: userservicestacknestjsNodeJsLambda13B2A918,
              },
            ],
          ],
        },
        RetentionInDays: 1,
        ServiceToken: {
          Fn::GetAtt: [
            LogRetentionaae0aa3c5b4d4f87b02d85b201efdd8aFD4BFC8A,
            Arn,
          ],
        },
      },
      Type: Custom::LogRetention,
    },
    userservicestacknestjsNodeJsLambdaServiceRoleDefaultPolicyCC145D01: {
      Properties: {
        PolicyDocument: {
          Statement: [
            {
              Action: [
                ssm:DescribeParameters,
                ssm:GetParameters,
                ssm:GetParameter,
                ssm:GetParameterHistory,
              ],
              Effect: Allow,
              Resource: {
                Fn::Join: [
                  ,
                  [
                    arn:,
                    {
                      Ref: AWS::Partition,
                    },
                    :ssm:,
                    {
                      Ref: AWS::Region,
                    },
                    :,
                    {
                      Ref: AWS::AccountId,
                    },
                    :parameter/,
                    {
                      Ref: MyTestStackuserpoolidEB6986BD,
                    },
                  ],
                ],
              },
            },
            {
              Action: [
                ssm:DescribeParameters,
                ssm:GetParameters,
                ssm:GetParameter,
                ssm:GetParameterHistory,
              ],
              Effect: Allow,
              Resource: {
                Fn::Join: [
                  ,
                  [
                    arn:,
                    {
                      Ref: AWS::Partition,
                    },
                    :ssm:,
                    {
                      Ref: AWS::Region,
                    },
                    :,
                    {
                      Ref: AWS::AccountId,
                    },
                    :parameter/,
                    {
                      Ref: MyTestStackuserpoolclientid34905EED,
                    },
                  ],
                ],
              },
            },
          ],
          Version: 2012-10-17,
        },
        PolicyName: userservicestacknestjsNodeJsLambdaServiceRoleDefaultPolicyCC145D01,
        Roles: [
          {
            Ref: userservicestacknestjsNodeJsLambdaServiceRoleF3A12BEB,
          },
        ],
      },
      Type: AWS::IAM::Policy,
    },
    userservicestacknestjsNodeJsLambdaServiceRoleF3A12BEB: {
      Properties: {
        AssumeRolePolicyDocument: {
          Statement: [
            {
              Action: sts:AssumeRole,
              Effect: Allow,
              Principal: {
                Service: lambda.amazonaws.com,
              },
            },
          ],
          Version: 2012-10-17,
        },
        ManagedPolicyArns: [
          {
            Fn::Join: [
              ,
              [
                arn:,
                {
                  Ref: AWS::Partition,
                },
                :iam::aws:policy/service-role/AWSLambdaBasicExecutionRole,
              ],
            ],
          },
        ],
      },
      Type: AWS::IAM::Role,
    },
  },
  Rules: {
    CheckBootstrapVersion: {
      Assertions: [
        {
          Assert: {
            Fn::Not: [
              {
                Fn::Contains: [
                  [
                    1,
                    2,
                    3,
                    4,
                    5,
                  ],
                  {
                    Ref: BootstrapVersion,
                  },
                ],
              },
            ],
          },
          AssertDescription: CDK bootstrap stack version 6 required. Please run 'cdk bootstrap' with a recent version of the CDK CLI.,
        },
      ],
    },
  },
}
`;
