// Jest Snapshot v1, https://goo.gl/fbAQLP

exports[`MessageBusStack should match snapshot test 1`] = `
{
  Parameters: {
    BootstrapVersion: {
      Default: /cdk-bootstrap/hnb659fds/version,
      Description: Version of the CDK Bootstrap resources in this environment, automatically retrieved from SSM Parameter Store. [cdk:skip],
      Type: AWS::SSM::Parameter::Value<String>,
    },
  },
  Resources: {
    CharacterLevelUpEventEE3941E0: {
      Properties: {
        DisplayName: DefaultCharacterLevelUpEventTopic,
        FifoTopic: false,
        TopicName: default-character-level-up-event-topic,
      },
      Type: AWS::SNS::Topic,
    },
    EmailSendCommand52EDF753: {
      Properties: {
        DisplayName: DefaultEmailSendCommandTopic,
        FifoTopic: false,
        TopicName: default-email-send-command-topic,
      },
      Type: AWS::SNS::Topic,
    },
    ItemDestroyCommand739F092B: {
      Properties: {
        DisplayName: DefaultItemDestroyCommandTopic,
        FifoTopic: false,
        TopicName: default-item-destroy-command-topic,
      },
      Type: AWS::SNS::Topic,
    },
    defaultdatalake9656A812: {
      DeletionPolicy: Retain,
      Properties: {
        BucketEncryption: {
          ServerSideEncryptionConfiguration: [
            {
              ServerSideEncryptionByDefault: {
                SSEAlgorithm: AES256,
              },
            },
          ],
        },
        BucketName: {
          Fn::Join: [
            ,
            [
              {
                Ref: AWS::AccountId,
              },
              -default-data-lake-bucket,
            ],
          ],
        },
        PublicAccessBlockConfiguration: {
          BlockPublicAcls: true,
          BlockPublicPolicy: true,
          IgnorePublicAcls: true,
          RestrictPublicBuckets: true,
        },
        VersioningConfiguration: {
          Status: Enabled,
        },
      },
      Type: AWS::S3::Bucket,
      UpdateReplacePolicy: Retain,
    },
    defaultdatalakePolicy79F9292D: {
      Properties: {
        Bucket: {
          Ref: defaultdatalake9656A812,
        },
        PolicyDocument: {
          Statement: [
            {
              Action: s3:*,
              Condition: {
                Bool: {
                  aws:SecureTransport: false,
                },
              },
              Effect: Deny,
              Principal: {
                AWS: *,
              },
              Resource: [
                {
                  Fn::GetAtt: [
                    defaultdatalake9656A812,
                    Arn,
                  ],
                },
                {
                  Fn::Join: [
                    ,
                    [
                      {
                        Fn::GetAtt: [
                          defaultdatalake9656A812,
                          Arn,
                        ],
                      },
                      /*,
                    ],
                  ],
                },
              ],
            },
          ],
          Version: 2012-10-17,
        },
      },
      Type: AWS::S3::BucketPolicy,
    },
  },
  Rules: {
    CheckBootstrapVersion: {
      Assertions: [
        {
          Assert: {
            Fn::Not: [
              {
                Fn::Contains: [
                  [
                    1,
                    2,
                    3,
                    4,
                    5,
                  ],
                  {
                    Ref: BootstrapVersion,
                  },
                ],
              },
            ],
          },
          AssertDescription: CDK bootstrap stack version 6 required. Please run 'cdk bootstrap' with a recent version of the CDK CLI.,
        },
      ],
    },
  },
}
`;
