// Jest Snapshot v1, https://goo.gl/fbAQLP

exports[`NestJsLambdaLayerStack should match snapshot test 1`] = `
{
  Parameters: {
    BootstrapVersion: {
      Default: /cdk-bootstrap/hnb659fds/version,
      Description: Version of the CDK Bootstrap resources in this environment, automatically retrieved from SSM Parameter Store. [cdk:skip],
      Type: AWS::SSM::Parameter::Value<String>,
    },
  },
  Resources: {
    teststackNestedStackteststackNestedStackResourceFBD69DE9: {
      DeletionPolicy: Delete,
      Properties: {
        TemplateURL: {
          Fn::Join: [
            ,
            [
              https://s3.,
              {
                Ref: AWS::Region,
              },
              .,
              {
                Ref: AWS::URLSuffix,
              },
              /,
              {
                Fn::Sub: cdk-hnb659fds-assets-\${AWS::AccountId}-\${AWS::Region},
              },
              /535250180b162a702a8bbbaf274591b734e1b1093c2d3d538f1768b27b1ce1e4.json,
            ],
          ],
        },
      },
      Type: AWS::CloudFormation::Stack,
      UpdateReplacePolicy: Delete,
    },
  },
  Rules: {
    CheckBootstrapVersion: {
      Assertions: [
        {
          Assert: {
            Fn::Not: [
              {
                Fn::Contains: [
                  [
                    1,
                    2,
                    3,
                    4,
                    5,
                  ],
                  {
                    Ref: BootstrapVersion,
                  },
                ],
              },
            ],
          },
          AssertDescription: CDK bootstrap stack version 6 required. Please run 'cdk bootstrap' with a recent version of the CDK CLI.,
        },
      ],
    },
  },
}
`;
