// Jest Snapshot v1, https://goo.gl/fbAQLP

exports[`InstanceStack should match snapshot test 1`] = `
{
  Outputs: {
    LocalhostAPIExample: {
      Value: {
        Fn::Join: [
          ,
          [
            https://,
            {
              Ref: instancestackinstancestackapiendpointrestapiidssmParameterD459BB15,
            },
            .execute-api.,
            {
              Ref: AWS::Region,
            },
            .amazonaws.com/default/v1/instances,
          ],
        ],
      },
    },
  },
  Parameters: {
    BootstrapVersion: {
      Default: /cdk-bootstrap/hnb659fds/version,
      Description: Version of the CDK Bootstrap resources in this environment, automatically retrieved from SSM Parameter Store. [cdk:skip],
      Type: AWS::SSM::Parameter::Value<String>,
    },
    instancestackinstancestackapiendpointrestapiidssmParameterD459BB15: {
      Default: web-api-gateway-rest-api-id,
      Type: AWS::SSM::Parameter::Value<String>,
    },
    instancestackinstancestackapiendpointrootresourceidssmParameterB5A91B1B: {
      Default: web-api-gateway-root-resource-id,
      Type: AWS::SSM::Parameter::Value<String>,
    },
    instancestackinstancestackapiendpointv1resourceidssmParameter6BDBC94F: {
      Default: web-api-gateway-v1-resource-id,
      Type: AWS::SSM::Parameter::Value<String>,
    },
    lambdalayernestjslatestversionssmParameter: {
      Default: lambda-layer-nestjs-latest-version,
      Type: AWS::SSM::Parameter::Value<String>,
    },
    mongodatabasepasswordssmParameter: {
      Default: MONGO_DATABASE_PASSWORD,
      Type: AWS::SSM::Parameter::Value<String>,
    },
    mongodatabaseurissmParameter: {
      Default: MONGO_DATABASE_URI,
      Type: AWS::SSM::Parameter::Value<String>,
    },
    mongodatabaseuserssmParameter: {
      Default: MONGO_DATABASE_USER,
      Type: AWS::SSM::Parameter::Value<String>,
    },
    restapiidssmParameter: {
      Default: web-api-gateway-rest-api-id,
      Type: AWS::SSM::Parameter::Value<String>,
    },
  },
  Resources: {
    LogRetentionaae0aa3c5b4d4f87b02d85b201efdd8aFD4BFC8A: {
      DependsOn: [
        LogRetentionaae0aa3c5b4d4f87b02d85b201efdd8aServiceRoleDefaultPolicyADDA7DEB,
        LogRetentionaae0aa3c5b4d4f87b02d85b201efdd8aServiceRole9741ECFB,
      ],
      Properties: {
        Code: {
          S3Bucket: {
            Fn::Sub: cdk-hnb659fds-assets-\${AWS::AccountId}-\${AWS::Region},
          },
          S3Key: UNIQUE_HASH.zip,
        },
        Handler: index.handler,
        Role: {
          Fn::GetAtt: [
            LogRetentionaae0aa3c5b4d4f87b02d85b201efdd8aServiceRole9741ECFB,
            Arn,
          ],
        },
        Runtime: nodejs18.x,
        Timeout: 900,
      },
      Type: AWS::Lambda::Function,
    },
    LogRetentionaae0aa3c5b4d4f87b02d85b201efdd8aServiceRole9741ECFB: {
      Properties: {
        AssumeRolePolicyDocument: {
          Statement: [
            {
              Action: sts:AssumeRole,
              Effect: Allow,
              Principal: {
                Service: lambda.amazonaws.com,
              },
            },
          ],
          Version: 2012-10-17,
        },
        ManagedPolicyArns: [
          {
            Fn::Join: [
              ,
              [
                arn:,
                {
                  Ref: AWS::Partition,
                },
                :iam::aws:policy/service-role/AWSLambdaBasicExecutionRole,
              ],
            ],
          },
        ],
      },
      Type: AWS::IAM::Role,
    },
    LogRetentionaae0aa3c5b4d4f87b02d85b201efdd8aServiceRoleDefaultPolicyADDA7DEB: {
      Properties: {
        PolicyDocument: {
          Statement: [
            {
              Action: [
                logs:PutRetentionPolicy,
                logs:DeleteRetentionPolicy,
              ],
              Effect: Allow,
              Resource: *,
            },
          ],
          Version: 2012-10-17,
        },
        PolicyName: LogRetentionaae0aa3c5b4d4f87b02d85b201efdd8aServiceRoleDefaultPolicyADDA7DEB,
        Roles: [
          {
            Ref: LogRetentionaae0aa3c5b4d4f87b02d85b201efdd8aServiceRole9741ECFB,
          },
        ],
      },
      Type: AWS::IAM::Policy,
    },
    instancestackinstancestackapiendpointinstancestackapiendpointapigwresource742907B8: {
      Properties: {
        ParentId: {
          Ref: instancestackinstancestackapiendpointv1resourceidssmParameter6BDBC94F,
        },
        PathPart: instances,
        RestApiId: {
          Ref: instancestackinstancestackapiendpointrestapiidssmParameterD459BB15,
        },
      },
      Type: AWS::ApiGateway::Resource,
    },
    instancestackinstancestackapiendpointinstancestackapiendpointapigwresourceproxy334BFC2F: {
      Properties: {
        ParentId: {
          Ref: instancestackinstancestackapiendpointinstancestackapiendpointapigwresource742907B8,
        },
        PathPart: {proxy+},
        RestApiId: {
          Ref: instancestackinstancestackapiendpointrestapiidssmParameterD459BB15,
        },
      },
      Type: AWS::ApiGateway::Resource,
    },
    instancestackinstancestackapiendpointinstancestackapiendpointapigwresourceproxyANY07C2034C: {
      Properties: {
        AuthorizationType: NONE,
        HttpMethod: ANY,
        Integration: {
          IntegrationHttpMethod: POST,
          Type: AWS_PROXY,
          Uri: {
            Fn::Join: [
              ,
              [
                arn:,
                {
                  Ref: AWS::Partition,
                },
                :apigateway:,
                {
                  Ref: AWS::Region,
                },
                :lambda:path/2015-03-31/functions/,
                {
                  Fn::GetAtt: [
                    instancestacknestjsNodeJsLambdaC70E8859,
                    Arn,
                  ],
                },
                /invocations,
              ],
            ],
          },
        },
        ResourceId: {
          Ref: instancestackinstancestackapiendpointinstancestackapiendpointapigwresourceproxy334BFC2F,
        },
        RestApiId: {
          Ref: instancestackinstancestackapiendpointrestapiidssmParameterD459BB15,
        },
      },
      Type: AWS::ApiGateway::Method,
    },
    instancestackinstancestackapiendpointinstancestackapiendpointapigwresourceproxyANYApiPermissionMyTestStackinstancestackinstancestackapiendpointinstancestackapiendpointmainapi83E6114AANYv1instancesproxy3FDFAF58: {
      Properties: {
        Action: lambda:InvokeFunction,
        FunctionName: {
          Fn::GetAtt: [
            instancestacknestjsNodeJsLambdaC70E8859,
            Arn,
          ],
        },
        Principal: apigateway.amazonaws.com,
        SourceArn: {
          Fn::Join: [
            ,
            [
              arn:,
              {
                Ref: AWS::Partition,
              },
              :execute-api:,
              {
                Ref: AWS::Region,
              },
              :,
              {
                Ref: AWS::AccountId,
              },
              :,
              {
                Ref: instancestackinstancestackapiendpointrestapiidssmParameterD459BB15,
              },
              /*/*/v1/instances/*,
            ],
          ],
        },
      },
      Type: AWS::Lambda::Permission,
    },
    instancestackinstancestackapiendpointinstancestackapiendpointapigwresourceproxyANYApiPermissionTestMyTestStackinstancestackinstancestackapiendpointinstancestackapiendpointmainapi83E6114AANYv1instancesproxyC2E7C4E5: {
      Properties: {
        Action: lambda:InvokeFunction,
        FunctionName: {
          Fn::GetAtt: [
            instancestacknestjsNodeJsLambdaC70E8859,
            Arn,
          ],
        },
        Principal: apigateway.amazonaws.com,
        SourceArn: {
          Fn::Join: [
            ,
            [
              arn:,
              {
                Ref: AWS::Partition,
              },
              :execute-api:,
              {
                Ref: AWS::Region,
              },
              :,
              {
                Ref: AWS::AccountId,
              },
              :,
              {
                Ref: instancestackinstancestackapiendpointrestapiidssmParameterD459BB15,
              },
              /test-invoke-stage/*/v1/instances/*,
            ],
          ],
        },
      },
      Type: AWS::Lambda::Permission,
    },
    instancestackinstancestackapiendpointinstancestackapiendpointdeployment_UNIQUE_HASH: {
      Properties: {
        RestApiId: {
          Ref: instancestackinstancestackapiendpointrestapiidssmParameterD459BB15,
        },
        StageName: default,
      },
      Type: AWS::ApiGateway::Deployment,
    },
    instancestacknestjsNodeJsLambdaC70E8859: {
      DependsOn: [
        instancestacknestjsNodeJsLambdaServiceRoleD70ABBC1,
      ],
      Properties: {
        Code: {
          S3Bucket: {
            Fn::Sub: cdk-hnb659fds-assets-\${AWS::AccountId}-\${AWS::Region},
          },
          S3Key: UNIQUE_HASH.zip,
        },
        Environment: {
          Variables: {
            AWS_ACCOUNT_ID: {
              Ref: AWS::AccountId,
            },
            BASE_URL: {
              Fn::Join: [
                ,
                [
                  https://,
                  {
                    Ref: restapiidssmParameter,
                  },
                  .execute-api.,
                  {
                    Ref: AWS::Region,
                  },
                  .amazonaws.com/default/v1,
                ],
              ],
            },
            MONGO_DATABASE_PASSWORD: {
              Ref: mongodatabasepasswordssmParameter,
            },
            MONGO_DATABASE_URI: {
              Ref: mongodatabaseurissmParameter,
            },
            MONGO_DATABASE_USER: {
              Ref: mongodatabaseuserssmParameter,
            },
            STAGE_NAME: default,
          },
        },
        Handler: index.handler,
        Layers: [
          {
            Ref: lambdalayernestjslatestversionssmParameter,
          },
        ],
        MemorySize: 1024,
        Role: {
          Fn::GetAtt: [
            instancestacknestjsNodeJsLambdaServiceRoleD70ABBC1,
            Arn,
          ],
        },
        Runtime: nodejs18.x,
        Timeout: 30,
      },
      Type: AWS::Lambda::Function,
    },
    instancestacknestjsNodeJsLambdaLogRetentionADFA679E: {
      Properties: {
        LogGroupName: {
          Fn::Join: [
            ,
            [
              /aws/lambda/,
              {
                Ref: instancestacknestjsNodeJsLambdaC70E8859,
              },
            ],
          ],
        },
        RetentionInDays: 1,
        ServiceToken: {
          Fn::GetAtt: [
            LogRetentionaae0aa3c5b4d4f87b02d85b201efdd8aFD4BFC8A,
            Arn,
          ],
        },
      },
      Type: Custom::LogRetention,
    },
    instancestacknestjsNodeJsLambdaServiceRoleD70ABBC1: {
      Properties: {
        AssumeRolePolicyDocument: {
          Statement: [
            {
              Action: sts:AssumeRole,
              Effect: Allow,
              Principal: {
                Service: lambda.amazonaws.com,
              },
            },
          ],
          Version: 2012-10-17,
        },
        ManagedPolicyArns: [
          {
            Fn::Join: [
              ,
              [
                arn:,
                {
                  Ref: AWS::Partition,
                },
                :iam::aws:policy/service-role/AWSLambdaBasicExecutionRole,
              ],
            ],
          },
        ],
      },
      Type: AWS::IAM::Role,
    },
  },
  Rules: {
    CheckBootstrapVersion: {
      Assertions: [
        {
          Assert: {
            Fn::Not: [
              {
                Fn::Contains: [
                  [
                    1,
                    2,
                    3,
                    4,
                    5,
                  ],
                  {
                    Ref: BootstrapVersion,
                  },
                ],
              },
            ],
          },
          AssertDescription: CDK bootstrap stack version 6 required. Please run 'cdk bootstrap' with a recent version of the CDK CLI.,
        },
      ],
    },
  },
}
`;
